hello from log
